// Vitest Snapshot v1, https://vitest.dev/guide/snapshot.html

exports[`should parse 1`] = `
{
  "body": [
    {
      "children": [
        {
          "attributes": [
            {
              "loc": {
                "end": {
                  "column": 13,
                  "line": 1,
                },
                "start": {
                  "column": 10,
                  "line": 1,
                },
              },
              "range": [
                10,
                13,
              ],
              "type": "DoctypeAttribute",
              "value": {
                "loc": {
                  "end": {
                    "column": 13,
                    "line": 1,
                  },
                  "start": {
                    "column": 10,
                    "line": 1,
                  },
                },
                "range": [
                  10,
                  13,
                ],
                "type": "DoctypeAttributeValue",
                "value": "svg",
              },
            },
            {
              "loc": {
                "end": {
                  "column": 20,
                  "line": 1,
                },
                "start": {
                  "column": 14,
                  "line": 1,
                },
              },
              "range": [
                14,
                20,
              ],
              "type": "DoctypeAttribute",
              "value": {
                "loc": {
                  "end": {
                    "column": 20,
                    "line": 1,
                  },
                  "start": {
                    "column": 14,
                    "line": 1,
                  },
                },
                "range": [
                  14,
                  20,
                ],
                "type": "DoctypeAttributeValue",
                "value": "PUBLIC",
              },
            },
            {
              "endWrapper": {
                "loc": {
                  "end": {
                    "column": 46,
                    "line": 1,
                  },
                  "start": {
                    "column": 45,
                    "line": 1,
                  },
                },
                "range": [
                  45,
                  46,
                ],
                "type": "DoctypeAttributeWrapperEnd",
                "value": """,
              },
              "loc": {
                "end": {
                  "column": 46,
                  "line": 1,
                },
                "start": {
                  "column": 21,
                  "line": 1,
                },
              },
              "range": [
                21,
                46,
              ],
              "startWrapper": {
                "loc": {
                  "end": {
                    "column": 22,
                    "line": 1,
                  },
                  "start": {
                    "column": 21,
                    "line": 1,
                  },
                },
                "range": [
                  21,
                  22,
                ],
                "type": "DoctypeAttributeWrapperStart",
                "value": """,
              },
              "type": "DoctypeAttribute",
              "value": {
                "loc": {
                  "end": {
                    "column": 45,
                    "line": 1,
                  },
                  "start": {
                    "column": 22,
                    "line": 1,
                  },
                },
                "range": [
                  22,
                  45,
                ],
                "type": "DoctypeAttributeValue",
                "value": "-//W3C//DTD SVG 1.1//EN",
              },
            },
          ],
          "close": {
            "loc": {
              "end": {
                "column": 47,
                "line": 1,
              },
              "start": {
                "column": 46,
                "line": 1,
              },
            },
            "range": [
              46,
              47,
            ],
            "type": "DoctypeClose",
            "value": ">",
          },
          "loc": {
            "end": {
              "column": 47,
              "line": 1,
            },
            "start": {
              "column": 0,
              "line": 1,
            },
          },
          "open": {
            "loc": {
              "end": {
                "column": 9,
                "line": 1,
              },
              "start": {
                "column": 0,
                "line": 1,
              },
            },
            "range": [
              0,
              9,
            ],
            "type": "DoctypeOpen",
            "value": "<!DOCTYPE",
          },
          "range": [
            0,
            47,
          ],
          "type": "Doctype",
        },
      ],
      "loc": {
        "end": {
          "column": 47,
          "line": 1,
        },
        "start": {
          "column": 0,
          "line": 1,
        },
      },
      "range": [
        0,
        47,
      ],
      "type": "Document",
    },
  ],
  "comments": [],
  "loc": {
    "end": {
      "column": 47,
      "line": 1,
    },
    "start": {
      "column": 0,
      "line": 1,
    },
  },
  "range": [
    0,
    47,
  ],
  "tokens": [
    {
      "loc": {
        "end": {
          "column": 9,
          "line": 1,
        },
        "start": {
          "column": 0,
          "line": 1,
        },
      },
      "range": [
        0,
        9,
      ],
      "type": "DoctypeOpen",
      "value": "<!DOCTYPE",
    },
    {
      "loc": {
        "end": {
          "column": 13,
          "line": 1,
        },
        "start": {
          "column": 10,
          "line": 1,
        },
      },
      "range": [
        10,
        13,
      ],
      "type": "DoctypeAttributeValue",
      "value": "svg",
    },
    {
      "loc": {
        "end": {
          "column": 20,
          "line": 1,
        },
        "start": {
          "column": 14,
          "line": 1,
        },
      },
      "range": [
        14,
        20,
      ],
      "type": "DoctypeAttributeValue",
      "value": "PUBLIC",
    },
    {
      "loc": {
        "end": {
          "column": 22,
          "line": 1,
        },
        "start": {
          "column": 21,
          "line": 1,
        },
      },
      "range": [
        21,
        22,
      ],
      "type": "DoctypeAttributeWrapperStart",
      "value": """,
    },
    {
      "loc": {
        "end": {
          "column": 45,
          "line": 1,
        },
        "start": {
          "column": 22,
          "line": 1,
        },
      },
      "range": [
        22,
        45,
      ],
      "type": "DoctypeAttributeValue",
      "value": "-//W3C//DTD SVG 1.1//EN",
    },
    {
      "loc": {
        "end": {
          "column": 46,
          "line": 1,
        },
        "start": {
          "column": 45,
          "line": 1,
        },
      },
      "range": [
        45,
        46,
      ],
      "type": "DoctypeAttributeWrapperEnd",
      "value": """,
    },
    {
      "loc": {
        "end": {
          "column": 47,
          "line": 1,
        },
        "start": {
          "column": 46,
          "line": 1,
        },
      },
      "range": [
        46,
        47,
      ],
      "type": "DoctypeClose",
      "value": ">",
    },
  ],
  "type": "Program",
}
`;
